[    0.000000] Linux version 4.15.0-212-generic (buildd@lcy02-amd64-083) (gcc version 7.5.0 (Ubuntu 7.5.0-3ubuntu1~18.04)) #223-Ubuntu SMP Tue May 23 13:09:22 UTC 2023 (Ubuntu 4.15.0-212.223-generic 4.15.18)
[    0.000000] Command line: BOOT_IMAGE=/boot/vmlinuz-4.15.0-212-generic root=LABEL=cloudimg-rootfs ro console=tty1 console=ttyS0
[    0.000000] KERNEL supported cpus:
[    0.000000]   Intel GenuineIntel
[    0.000000]   AMD AuthenticAMD
[    0.000000]   Centaur CentaurHauls
[    0.000000] x86/fpu: Supporting XSAVE feature 0x001: 'x87 floating point registers'
[    0.000000] x86/fpu: Supporting XSAVE feature 0x002: 'SSE registers'
[    0.000000] x86/fpu: Supporting XSAVE feature 0x004: 'AVX registers'
[    0.000000] x86/fpu: xstate_offset[2]:  576, xstate_sizes[2]:  256
[    0.000000] x86/fpu: Enabled xstate features 0x7, context size is 832 bytes, using 'standard' format.
[    0.000000] e820: BIOS-provided physical RAM map:
[    0.000000] BIOS-e820: [mem 0x0000000000000000-0x000000000009fbff] usable
[    0.000000] BIOS-e820: [mem 0x000000000009fc00-0x000000000009ffff] reserved
[    0.000000] BIOS-e820: [mem 0x00000000000f0000-0x00000000000fffff] reserved
[    0.000000] BIOS-e820: [mem 0x0000000000100000-0x000000007ffeffff] usable
[    0.000000] BIOS-e820: [mem 0x000000007fff0000-0x000000007fffffff] ACPI data
[    0.000000] BIOS-e820: [mem 0x00000000fec00000-0x00000000fec00fff] reserved
[    0.000000] BIOS-e820: [mem 0x00000000fee00000-0x00000000fee00fff] reserved
[    0.000000] BIOS-e820: [mem 0x00000000fffc0000-0x00000000ffffffff] reserved
[    0.000000] NX (Execute Disable) protection: active
[    0.000000] SMBIOS 2.5 present.
[    0.000000] DMI: innotek GmbH VirtualBox/VirtualBox, BIOS VirtualBox 12/01/2006
[    0.000000] Hypervisor detected: KVM
[    0.000000] e820: last_pfn = 0x7fff0 max_arch_pfn = 0x400000000
[    0.000000] MTRR: Disabled
[    0.000000] x86/PAT: MTRRs disabled, skipping PAT initialization too.
[    0.000000] CPU MTRRs all blank - virtualized system.
[    0.000000] x86/PAT: Configuration [0-7]: WB  WT  UC- UC  WB  WT  UC- UC  
[    0.000000] found SMP MP-table at [mem 0x0009fff0-0x0009ffff]
[    0.000000] Scanning 1 areas for low memory corruption
[    0.000000] RAMDISK: [mem 0x359cb000-0x36cdcfff]
[    0.000000] ACPI: Early table checksum verification disabled
[    0.000000] ACPI: RSDP 0x00000000000E0000 000024 (v02 VBOX  )
[    0.000000] ACPI: XSDT 0x000000007FFF0030 00003C (v01 VBOX   VBOXXSDT 00000001 ASL  00000061)
[    0.000000] ACPI: FACP 0x000000007FFF00F0 0000F4 (v04 VBOX   VBOXFACP 00000001 ASL  00000061)
[    0.000000] ACPI: DSDT 0x000000007FFF0470 002325 (v02 VBOX   VBOXBIOS 00000002 INTL 20190509)
[    0.000000] ACPI: FACS 0x000000007FFF0200 000040
[    0.000000] ACPI: FACS 0x000000007FFF0200 000040
[    0.000000] ACPI: APIC 0x000000007FFF0240 00005C (v02 VBOX   VBOXAPIC 00000001 ASL  00000061)
[    0.000000] ACPI: SSDT 0x000000007FFF02A0 0001CC (v01 VBOX   VBOXCPUT 00000002 INTL 20190509)
[    0.000000] ACPI: Reserving FACP table memory at [mem 0x7fff00f0-0x7fff01e3]
[    0.000000] ACPI: Reserving DSDT table memory at [mem 0x7fff0470-0x7fff2794]
[    0.000000] ACPI: Reserving FACS table memory at [mem 0x7fff0200-0x7fff023f]
[    0.000000] ACPI: Reserving FACS table memory at [mem 0x7fff0200-0x7fff023f]
[    0.000000] ACPI: Reserving APIC table memory at [mem 0x7fff0240-0x7fff029b]
[    0.000000] ACPI: Reserving SSDT table memory at [mem 0x7fff02a0-0x7fff046b]
[    0.000000] No NUMA configuration found
[    0.000000] Faking a node at [mem 0x0000000000000000-0x000000007ffeffff]
[    0.000000] NODE_DATA(0) allocated [mem 0x7ffc5000-0x7ffeffff]
[    0.000000] kvm-clock: cpu 0, msr 0:7ff44001, primary cpu clock
[    0.000000] kvm-clock: Using msrs 4b564d01 and 4b564d00
[    0.000000] kvm-clock: using sched offset of 4346687799 cycles
[    0.000000] clocksource: kvm-clock: mask: 0xffffffffffffffff max_cycles: 0x1cd42e4dffb, max_idle_ns: 881590591483 ns
[    0.000000] Zone ranges:
[    0.000000]   DMA      [mem 0x0000000000001000-0x0000000000ffffff]
[    0.000000]   DMA32    [mem 0x0000000001000000-0x000000007ffeffff]
[    0.000000]   Normal   empty
[    0.000000]   Device   empty
[    0.000000] Movable zone start for each node
[    0.000000] Early memory node ranges
[    0.000000]   node   0: [mem 0x0000000000001000-0x000000000009efff]
[    0.000000]   node   0: [mem 0x0000000000100000-0x000000007ffeffff]
[    0.000000] Reserved but unavailable: 104 pages
[    0.000000] Initmem setup node 0 [mem 0x0000000000001000-0x000000007ffeffff]
[    0.000000] ACPI: PM-Timer IO Port: 0x4008
[    0.000000] IOAPIC[0]: apic_id 2, version 32, address 0xfec00000, GSI 0-23
[    0.000000] ACPI: INT_SRC_OVR (bus 0 bus_irq 0 global_irq 2 dfl dfl)
[    0.000000] ACPI: INT_SRC_OVR (bus 0 bus_irq 9 global_irq 9 low level)
[    0.000000] Using ACPI (MADT) for SMP configuration information
[    0.000000] smpboot: Allowing 2 CPUs, 0 hotplug CPUs
[    0.000000] PM: Registered nosave memory: [mem 0x00000000-0x00000fff]
[    0.000000] PM: Registered nosave memory: [mem 0x0009f000-0x0009ffff]
[    0.000000] PM: Registered nosave memory: [mem 0x000a0000-0x000effff]
[    0.000000] PM: Registered nosave memory: [mem 0x000f0000-0x000fffff]
[    0.000000] e820: [mem 0x80000000-0xfebfffff] available for PCI devices
[    0.000000] Booting paravirtualized kernel on KVM
[    0.000000] clocksource: refined-jiffies: mask: 0xffffffff max_cycles: 0xffffffff, max_idle_ns: 7645519600211568 ns
[    0.000000] setup_percpu: NR_CPUS:8192 nr_cpumask_bits:2 nr_cpu_ids:2 nr_node_ids:1
[    0.000000] percpu: Embedded 50 pages/cpu s167936 r8192 d28672 u1048576
[    0.000000] PV qspinlock hash table entries: 256 (order: 0, 4096 bytes)
[    0.000000] Built 1 zonelists, mobility grouping on.  Total pages: 515961
[    0.000000] Policy zone: DMA32
[    0.000000] Kernel command line: BOOT_IMAGE=/boot/vmlinuz-4.15.0-212-generic root=LABEL=cloudimg-rootfs ro console=tty1 console=ttyS0
[    0.000000] Memory: 2014836K/2096696K available (12300K kernel code, 2477K rwdata, 4324K rodata, 2480K init, 2720K bss, 81860K reserved, 0K cma-reserved)
[    0.000000] SLUB: HWalign=64, Order=0-3, MinObjects=0, CPUs=2, Nodes=1
[    0.000000] Kernel/User page tables isolation: enabled
[    0.000000] ftrace: allocating 39508 entries in 155 pages
[    0.004000] Hierarchical RCU implementation.
[    0.004000] 	RCU restricting CPUs from NR_CPUS=8192 to nr_cpu_ids=2.
[    0.004000] 	Tasks RCU enabled.
[    0.004000] RCU: Adjusting geometry for rcu_fanout_leaf=16, nr_cpu_ids=2
[    0.004000] NR_IRQS: 524544, nr_irqs: 440, preallocated irqs: 16
[    0.004000] random: crng init done
[    0.004000] Console: colour VGA+ 80x25
[    0.004000] console [tty1] enabled
[    0.004000] console [ttyS0] enabled
[    0.004000] ACPI: Core revision 20170831
[    0.004000] ACPI: 2 ACPI AML tables successfully acquired and loaded
[    0.004000] APIC: Switch to symmetric I/O mode setup
[    0.004000] x2apic enabled
[    0.004010] Switched APIC routing to physical x2apic.
[    0.007518] ..TIMER: vector=0x30 apic1=0 pin1=2 apic2=-1 pin2=-1
[    0.008006] tsc: Detected 2591.974 MHz processor
[    0.009516] Calibrating delay loop (skipped) preset value.. 5183.94 BogoMIPS (lpj=10367896)
[    0.012005] pid_max: default: 32768 minimum: 301
[    0.013468] Security Framework initialized
[    0.014696] Yama: becoming mindful.
[    0.016026] AppArmor: AppArmor initialized
[    0.018144] Dentry cache hash table entries: 262144 (order: 9, 2097152 bytes)
[    0.020852] Inode-cache hash table entries: 131072 (order: 8, 1048576 bytes)
[    0.024023] Mount-cache hash table entries: 4096 (order: 3, 32768 bytes)
[    0.026011] Mountpoint-cache hash table entries: 4096 (order: 3, 32768 bytes)
[    0.028348] Last level iTLB entries: 4KB 64, 2MB 8, 4MB 8
[    0.029977] Last level dTLB entries: 4KB 64, 2MB 0, 4MB 0, 1GB 4
[    0.032007] Spectre V1 : Mitigation: usercopy/swapgs barriers and __user pointer sanitization
[    0.034579] Spectre V2 : Mitigation: Retpolines
[    0.036011] Spectre V2 : Spectre v2 / SpectreRSB mitigation: Filling RSB on context switch
[    0.040005] Spectre V2 : Spectre v2 / SpectreRSB : Filling RSB on VMEXIT
[    0.041627] RETBleed: WARNING: Spectre v2 mitigation leaves CPU vulnerable to RETBleed attacks, data leaks possible!
[    0.044003] RETBleed: Vulnerable
[    0.044986] Speculative Store Bypass: Vulnerable
[    0.046246] MDS: Mitigation: Clear CPU buffers
[    0.048003] MMIO Stale Data: Mitigation: Clear CPU buffers
[    0.049409] SRBDS: Unknown: Dependent on hypervisor status
[    0.052146] Freeing SMP alternatives memory: 36K
[    0.164545] smpboot: CPU0: Intel(R) Core(TM) i7-6500U CPU @ 2.50GHz (family: 0x6, model: 0x4e, stepping: 0x3)
[    0.167712] Performance Events: unsupported p6 CPU model 78 no PMU driver, software events only.
[    0.168069] Hierarchical SRCU implementation.
[    0.172092] NMI watchdog: Perf event create on CPU 0 failed with -2
[    0.173830] NMI watchdog: Perf NMI watchdog permanently disabled
[    0.175435] smp: Bringing up secondary CPUs ...
[    0.176095] x86: Booting SMP configuration:
[    0.177123] .... node  #0, CPUs:      #1
[    0.004000] kvm-clock: cpu 1, msr 0:7ff44041, secondary cpu clock
[    0.182111] smp: Brought up 1 node, 2 CPUs
[    0.182111] smpboot: Max logical packages: 1
[    0.184008] smpboot: Total of 2 processors activated (10367.89 BogoMIPS)
[    0.186871] devtmpfs: initialized
[    0.188065] x86/mm: Memory block size: 128MB
[    0.189646] evm: security.selinux
[    0.190709] evm: security.SMACK64
[    0.192009] evm: security.SMACK64EXEC
[    0.193205] evm: security.SMACK64TRANSMUTE
[    0.194491] evm: security.SMACK64MMAP
[    0.196003] evm: security.apparmor
[    0.197080] evm: security.ima
[    0.197878] evm: security.capability
[    0.198905] clocksource: jiffies: mask: 0xffffffff max_cycles: 0xffffffff, max_idle_ns: 7645041785100000 ns
[    0.200043] futex hash table entries: 512 (order: 3, 32768 bytes)
[    0.204098] pinctrl core: initialized pinctrl subsystem
[    0.205860] RTC time:  6:48:54, date: 08/08/23
[    0.207377] NET: Registered protocol family 16
[    0.208102] audit: initializing netlink subsys (disabled)
[    0.209468] audit: type=2000 audit(1691477340.899:1): state=initialized audit_enabled=0 res=1
[    0.212015] cpuidle: using governor ladder
[    0.213133] cpuidle: using governor menu
[    0.214415] ACPI: bus type PCI registered
[    0.216004] acpiphp: ACPI Hot Plug PCI Controller Driver version: 0.5
[    0.218038] PCI: Using configuration type 1 for base access
[    0.224046] HugeTLB registered 2.00 MiB page size, pre-allocated 0 pages
[    0.225600] ACPI: Added _OSI(Module Device)
[    0.225600] ACPI: Added _OSI(Processor Device)
[    0.228004] ACPI: Added _OSI(3.0 _SCP Extensions)
[    0.229140] ACPI: Added _OSI(Processor Aggregator Device)
[    0.230638] ACPI: Added _OSI(Linux-Dell-Video)
[    0.232025] ACPI: Added _OSI(Linux-Lenovo-NV-HDMI-Audio)
[    0.234020] ACPI: Added _OSI(Linux-HPI-Hybrid-Graphics)
[    0.236570] ACPI: Executed 1 blocks of module-level executable AML code
[    0.244715] ACPI: Interpreter enabled
[    0.245690] ACPI: (supports S0 S5)
[    0.246641] ACPI: Using IOAPIC for interrupt routing
[    0.248158] PCI: Using host bridge windows from ACPI; if necessary, use "pci=nocrs" and report a bug
[    0.250926] ACPI: Enabled 2 GPEs in block 00 to 07
[    0.263176] ACPI: PCI Root Bridge [PCI0] (domain 0000 [bus 00-ff])
[    0.264011] acpi PNP0A03:00: _OSC: OS supports [ASPM ClockPM Segments MSI]
[    0.268801] acpi PNP0A03:00: _OSC: not requesting OS control; OS requires [ExtendedConfig ASPM ClockPM MSI]
[    0.272021] acpi PNP0A03:00: fail to add MMCONFIG information, can't access extended PCI configuration space under this bridge.
[    0.275381] PCI host bridge to bus 0000:00
[    0.276008] pci_bus 0000:00: root bus resource [io  0x0000-0x0cf7 window]
[    0.280005] pci_bus 0000:00: root bus resource [io  0x0d00-0xffff window]
[    0.284012] pci_bus 0000:00: root bus resource [mem 0x000a0000-0x000bffff window]
[    0.286546] pci_bus 0000:00: root bus resource [mem 0x80000000-0xfdffffff window]
[    0.288008] pci_bus 0000:00: root bus resource [bus 00-ff]
[    0.294113] pci 0000:00:01.1: legacy IDE quirk: reg 0x10: [io  0x01f0-0x01f7]
[    0.296007] pci 0000:00:01.1: legacy IDE quirk: reg 0x14: [io  0x03f6]
[    0.300026] pci 0000:00:01.1: legacy IDE quirk: reg 0x18: [io  0x0170-0x0177]
[    0.304006] pci 0000:00:01.1: legacy IDE quirk: reg 0x1c: [io  0x0376]
[758] pci 0000:00:07.0: quirk: [io  0x4000-0x403f] claimed by PIIX4 ACPI
[    0.344032] pci 0000:00:07.0: quirk: [io  0x4100-0x410f] claimed by PIIX4 SMB
[    0.374988] ACPI: PCI Interrupt Link [LNKA] (IRQs 5 9 10 *11)
[    0.376622] ACPI: PCI Interrupt Link [LNKB] (IRQs 5 9 *10 11)
[    0.380231] ACPI: PCI Interrupt Link [LNKC] (IRQs 5 *9 10 11)
[    0.383195] ACPI: PCI Interrupt Link [LNKD] (IRQs 5 9 10 *11)
[    0.384684] SCSI subsystem initialized
[    0.386184] pci 0000:00:02.0: vgaarb: setting as boot VGA device
[    0.386296] pci 0000:00:02.0: vgaarb: VGA device added: decodes=io+mem,owns=io+mem,locks=none
[    0.388016] pci 0000:00:02.0: vgaarb: bridge control possible
[    0.390153] vgaarb: loaded
[    0.392054] ACPI: bus type USB registered
[    0.393284] usbcore: registered new interface driver usbfs
[    0.396047] usbcore: registered new interface driver hub
[    0.397524] usbcore: registered new device driver usb
[    0.398838] EDAC MC: Ver: 3.0.0
[    0.400291] PCI: Using ACPI for IRQ routing
[    0.401442] NetLabel: Initializing
[    0.402761] NetLabel:  domain hash size = 128
[    0.404006] NetLabel:  protocols = UNLABELED CIPSOv4 CALIPSO
[    0.405955] NetLabel:  unlabeled traffic allowed by default
[    0.408163] clocksource: Switched to clocksource kvm-clock
[    0.425334] VFS: Disk quotas dquot_6.6.0
[    0.427888] VFS: Dquot-cache hash table entries: 512 (order 0, 4096 bytes)
[    0.429671] AppArmor: AppArmor Filesystem Enabled
[    0.430980] pnp: PnP ACPI init
[    0.433119] pnp: PnP ACPI: found 3 devices
[    0.442740] clocksource: acpi_pm: mask: 0xffffff max_cycles: 0xffffff, max_idle_ns: 2085701024 ns
[    0.447041] NET: Registered protocol family 2
[    0.448557] IP idents hash table entries: 32768 (order: 6, 262144 bytes)
[    0.450892] TCP established hash table entries: 16384 (order: 5, 131072 bytes)
[    0.453251] TCP bind hash table entries: 16384 (order: 6, 262144 bytes)
[    0.455958] TCP: Hash tables configured (established 16384 bind 16384)
[    0.457972] UDP hash table entries: 1024 (order: 3, 32768 bytes)
[    0.459870] UDP-Lite hash table entries: 1024 (order: 3, 32768 bytes)
[    0.462784] NET: Registered protocol family 1
[    0.464235] pci 0000:00:00.0: Limiting direct PCI/PCI transfers
[    0.466051] pci 0000:00:01.0: Activating ISA DMA hang workarounds
[    0.467923] pci 0000:00:02.0: Video device with shadowed ROM at [mem 0x000c0000-0x000dffff]
[    0.470590] Unpacking initramfs...
[    0.800433] Freeing initrd memory: 19528K
[    0.801840] clocksource: tsc: mask: 0xffffffffffffffff max_cycles: 0x255c9e42bcf, max_idle_ns: 440795224185 ns
[    0.804350] platform rtc_cmos: registered platform RTC device (no PNP device found)
[    0.807169] Scanning for low memory corruption every 60 seconds
[    0.810362] Initialise system trusted keyrings
[    0.811804] Key type blacklist registered
[    0.814176] workingset: timestamp_bits=36 max_order=19 bucket_order=0
[    0.817435] zbud: loaded
[    0.818822] squashfs: version 4.0 (2009/01/31) Phillip Lougher
[    0.820411] fuse init (API version 7.26)
[    0.823213] Key type asymmetric registered
[    0.824265] Asymmetric key parser 'x509' registered
[    0.825655] Block layer SCSI generic (bsg) driver version 0.4 loaded (major 246)
[    0.828332] io scheduler noop registered
[    0.829343] io scheduler deadline registered
[    0.830488] io scheduler cfq registered (default)
[    0.832180] ACPI: AC Adapter [AC] (on-line)
[    0.833241] input: Power Button as /devices/LNXSYSTM:00/LNXPWRBN:00/input/input0
[    0.835125] ACPI: Power Button [PWRF]
[    0.836290] input: Sleep Button as /devices/LNXSYSTM:00/LNXSLPBN:00/input/input1
[    0.838039] ACPI: Sleep Button [SLPF]
[    0.839907] Serial: 8250/16550 driver, 32 ports, IRQ sharing enabled
[    0.863731] 00:02: ttyS0 at I/O 0x3f8 (irq = 4, base_baud = 115200) is a 16550A
[    0.868751] Linux agpgart interface v0.103
[    0.871671] loop: module loaded
[    0.874222] scsi host0: ata_piix
[    0.875733] scsi host1: ata_piix
[    0.877416] ata1: PATA max UDMA/33 cmd 0x1f0 ctl 0x3f6 bmdma 0xd000 irq 14
[    0.879688] ata2: PATA max UDMA/33 cmd 0x170 ctl 0x376 bmdma 0xd008 irq 15
[    0.881765] tun: Universal TUN/TAP device driver, 1.6
[    0.883699] PPP generic driver version 2.4.2
[    0.884951] ehci_hcd: USB 2.0 'Enhanced' Host Controller (EHCI) Driver
[    0.886462] ehci-pci: EHCI PCI platform driver
[    0.887591] ehci-platform: EHCI generic platform driver
[    0.888830] ohci_hcd: USB 1.1 'Open' Host Controller (OHCI) Driver
[    0.890258] ohci-pci: OHCI PCI platform driver
[    0.891319] ohci-platform: OHCI generic platform driver
[    0.892612] uhci_hcd: USB Universal Host Controller Interface driver
[    0.895480] i8042: PNP: PS/2 Controller [PNP0303:PS2K,PNP0f03:PS2M] at 0x60,0x64 irq 1,12
[    0.898015] serio: i8042 KBD port at 0x60,0x64 irq 1
[    0.899215] serio: i8042 AUX port at 0x60,0x64 irq 12
[    0.900800] mousedev: PS/2 mouse device common for all mice
[    0.902635] input: AT Translated Set 2 keyboard as /devices/platform/i8042/serio0/input/input2
[    0.904973] rtc_cmos rtc_cmos: rtc core: registered rtc_cmos as rtc0
[    0.907325] rtc_cmos rtc_cmos: alarms up to one day, 114 bytes nvram
[    0.909621] i2c /dev entries driver
[    0.911115] device-mapper: uevent: version 1.0.3
[    0.912774] device-mapper: ioctl: 4.37.0-ioctl (2017-09-20) initialised: dm-devel@redhat.com
[    0.915215] ledtrig-cpu: registered to indicate activity on CPUs
[    0.918016] NET: Registered protocol family 10
[    0.924869] Segment Routing with IPv6
[    0.926124] NET: Registered protocol family 17
[    0.929069] Key type dns_resolver registered
[    0.931308] mce: Using 0 MCE banks
[    0.934008] RAS: Correctable Errors collector initialized.
[    0.935957] sched_clock: Marking stable (935909561, 0)->(1530821808, -594912247)
[    0.938369] registered taskstats version 1
[    0.939520] Loading compiled-in X.509 certificates
[    0.946494] Loaded X.509 cert 'Build time autogenerated kernel key: b5b26778eaa3ab3a4a6cee031137706e947d12ad'
[    0.950453] Loaded X.509 cert 'Canonical Ltd. Live Patch Signing: 14df34d1a87cf37625abec039ef2bf521249b969'
[    0.954014] Loaded X.509 cert 'Canonical Ltd. Kernel Module Signing: 88f752e560a1e0737e31163a466ad7b70a850c19'
[    0.957053] blacklist: Loading compiled-in revocation X.509 certificates
[    0.959145] Loaded X.509 cert 'Canonical Ltd. Secure Boot Signing: 61482aa2830d0ab2ad5af10b7250da9033ddcef0'
[    0.963673] Loaded X.509 cert 'Canonical Ltd. Secure Boot Signing (2017): 242ade75ac4a15e50d50c84b0d45ff3eae707a03'
[    0.966532] Loaded X.509 cert 'Canonical Ltd. Secure Boot Signing (ESM 2018): 365188c1d374d6b07c3c8f240f8ef722433d6a8b'
[    0.969628] Loaded X.509 cert 'Canonical Ltd. Secure Boot Signing (2019): c0746fd6c5da3ae827864651ad66ae47fe24b3e8'
[    0.973054] Loaded X.509 cert 'Canonical Ltd. Secure Boot Signing (2021 v1): a8d54bbb3825cfb94fa13c9f8a594a195c107b8d'
[    0.975728] Loaded X.509 cert 'Canonical Ltd. Secure Boot Signing (2021 v2): 4cf046892d6fd3c9a5b03f98d845f90851dc6a8c'
[    0.979666] Loaded X.509 cert 'Canonical Ltd. Secure Boot Signing (2021 v3): 100437bb6de6e469b581e61cd66bce3ef4ed53af'
[    0.983408] Loaded X.509 cert 'Canonical Ltd. Secure Boot Signing (Ubuntu Core 2019): c1d57b8f6b743f23ee41f4f7ee292f06eecadfb9'
[    0.986214] zswap: loaded using pool lzo/zbud
[    0.991385] Key type big_key registered
[    0.992481] Key type trusted registered
[    0.998902] Key type encrypted registered
[    0.999935] AppArmor: AppArmor sha1 policy hashing enabled
[    1.001371] ima: No TPM chip found, activating TPM-bypass! (rc=-19)
[    1.002862] ima: Allocated hash algorithm: sha1
[    1.004057] evm: HMAC attrs: 0x1
[    1.005430]   Magic number: 3:36:822
[    1.007268] rtc_cmos rtc_cmos: setting system clock to 2023-08-08 06:48:55 UTC (1691477335)
[    1.012525] BIOS EDD facility v0.16 2004-Jun-25, 0 devices found
[    1.014319] EDD information not available.
[    1.068408] Freeing unused kernel image memory: 2480K
[    1.077212] Write protecting the kernel read-only data: 20480k
[    1.081069] Freeing unused kernel image memory: 2008K
[    1.082838] Freeing unused kernel image memory: 1820K
[    1.097412] x86/mm: Checked W+X mappings: passed, no W+X pages found.
[    1.099127] x86/mm: Checking user space page tables
[    1.113793] x86/mm: Checked W+X mappings: passed, no W+X pages found.
Loading, please wait...
starting version 237
[    1.207277] e1000: Intel(R) PRO/1000 Network Driver - version 7.3.21-k8-NAPI
[    1.210239] e1000: Copyright (c) 1999-2006 Intel Corporation.
[    1.220571] Fusion MPT base driver 3.04.20
[    1.221649] Copyright (c) 1999-2008 LSI Corporation
[    1.247742] AVX2 version of gcm_enc/dec engaged.
[    1.250120] AES CTR mode by8 optimization enabled
[    1.273003] Fusion MPT SPI Host driver 3.04.20
[    1.419653] input: ImExPS/2 Generic Explorer Mouse as /devices/platform/i8042/serio1/input/input4
[    1.731195] e1000 0000:00:03.0 eth0: (PCI:33MHz:32-bit) 02:3b:7b:b7:3b:2d
[    1.733223] e1000 0000:00:03.0 eth0: Intel(R) PRO/1000 Network Connection
[    2.200092] e1000 0000:00:08.0 eth1: (PCI:33MHz:32-bit) 08:00:27:09:b3:53
[    2.201856] e1000 0000:00:08.0 eth1: Intel(R) PRO/1000 Network Connection
[    2.206715] e1000 0000:00:08.0 enp0s8: renamed from eth1
[    2.207704] mptbase: ioc0: Initiating bringup
[    2.241197] e1000 0000:00:03.0 enp0s3: renamed from eth0
[    2.808483] ioc0: LSI53C1030 A0: Capabilities={Initiator}
[    8.182185] scsi host2: ioc0: LSI53C1030 A0, FwRev=00000000h, Ports=1, MaxQ=256, IRQ=20
[   12.049217] scsi 2:0:0:0: Direct-Access     VBOX     HARDDISK         1.0  PQ: 0 ANSI: 5
[   12.076167] scsi target2:0:0: Beginning Domain Validation
[   12.081304] scsi target2:0:0: Domain Validation skipping write tests
[   12.083348] scsi target2:0:0: Ending Domain Validation
[   12.087121] scsi target2:0:0: asynchronous
[   12.089065] scsi 2:0:1:0: Direct-Access     VBOX     HARDDISK         1.0  PQ: 0 ANSI: 5
[   12.120276] scsi target2:0:1: Beginning Domain Validation
[   12.123190] scsi target2:0:1: Domain Validation skipping write tests
[   12.125304] scsi target2:0:1: Ending Domain Validation
[   12.127111] scsi target2:0:1: asynchronous
[   12.133316] sd 2:0:0:0: Attached scsi generic sg0 type 0
[   12.135246] sd 2:0:0:0: [sda] 83886080 512-byte logical blocks: (42.9 GB/40.0 GiB)
[   12.137884] sd 2:0:0:0: [sda] Write Protect is off
[   12.139875] sd 2:0:0:0: [sda] Incomplete mode parameter data
[   12.141753] sd 2:0:0:0: [sda] Assuming drive cache: write through
[   12.144750] sd 2:0:1:0: Attached scsi generic sg1 type 0
[   12.147254] sd 2:0:1:0: [sdb] 20480 512-byte logical blocks: (10.5 MB/10.0 MiB)
[   12.150440] sd 2:0:1:0: [sdb] Write Protect is off
[   12.152247] sd 2:0:1:0: [sdb] Incomplete mode parameter data
[   12.153775] sd 2:0:1:0: [sdb] Assuming drive cache: write through
[   12.202919]  sda: sda1
[   12.204627] sd 2:0:0:0: [sda] Attached SCSI disk
[   12.215335] sd 2:0:1:0: [sdb] Attached SCSI disk
Begin: Loading essential drivers ... [   15.028100] raid6: sse2x1   gen()  5193 MB/s
[   15.076085] raid6: sse2x1   xor()  4499 MB/s
[   15.124081] raid6: sse2x2   gen()  6704 MB/s
[   15.175570] raid6: sse2x2   xor()  5370 MB/s
[   15.224081] raid6: sse2x4   gen()  6373 MB/s
[   15.272069] raid6: sse2x4   xor()  4243 MB/s
[   15.320090] raid6: avx2x1   gen()  9609 MB/s
[   15.368081] raid6: avx2x1   xor()  7454 MB/s
[   15.416084] raid6: avx2x2   gen() 10710 MB/s
[   15.464087] raid6: avx2x2   xor()  9892 MB/s
[   15.512306] raid6: avx2x4   gen() 14830 MB/s
[   15.560092] raid6: avx2x4   xor() 10884 MB/s
[   15.561862] raid6: using algorithm avx2x4 gen() 14830 MB/s
[   15.563845] raid6: .... xor() 10884 MB/s, rmw enabled
[   15.565944] raid6: using avx2x2 recovery algorithm
[   15.570119] xor: automatically using best checksumming function   avx       
[   15.582745] async_tx: api initialized (async)
done.
Begin: Running /scripts/init-premount ... done.
Begin: Mounting root file system ... Begin: Running /scripts/local-top ... done.
Begin: Running /scripts/local-premount ... [   15.687626] Btrfs loaded, crc32c=crc32c-intel
Scanning for Btrfs filesystems
done.
Warning: fsck not present, so skipping root file system
[   15.806440] EXT4-fs (sda1): mounted filesystem with ordered data mode. Opts: (null)
done.
Begin: Running /scripts/local-bottom ... done.
Begin: Running /scripts/init-bottom ... done.
[   16.110961] ip_tables: (C) 2000-2006 Netfilter Core Team
[   16.124518] systemd[1]: systemd 237 running in system mode. (+PAM +AUDIT +SELINUX +IMA +APPARMOR +SMACK +SYSVINIT +UTMP +LIBCRYPTSETUP +GCRYPT +GNUTLS +ACL +XZ +LZ4 +SECCOMP +BLKID +ELFUTILS +KMOD -IDN2 +IDN -PCRE2 default-hierarchy=hybrid)
[   16.132479] systemd[1]: Detected virtualization oracle.
[   16.134138] systemd[1]: Detected architecture x86-64.

Welcome to [1mUbuntu 18.04.6 LTS[0m!

[   16.145273] systemd[1]: Set hostname to <ubuntu>.
[   16.149550] systemd[1]: Initializing machine ID from random generator.
[   16.152061] systemd[1]: Installed transient /etc/machine-id file.
[   16.655215] systemd[1]: Started Forward Password Requests to Wall Directory Watch.
[[0;32m  OK  [0m] Started Forward Password Requests to Wall Directory Watch.
[   16.664862] systemd[1]: Created slice System Slice.
[[0;32m  OK  [0m] Created slice System Slice.
[   16.669584] systemd[1]: Listening on LVM2 poll daemon socket.
[[0;32m  OK  [0m] Listening on LVM2 poll daemon socket.
[   16.684444] systemd[1]: Listening on Device-mapper event daemon FIFOs.
[[0;32m  OK  [0m] Listening on Device-mapper event daemon FIFOs.
[[0;32m  OK  [0m] Listening on Syslog Socket.
[[0;32m  OK  [0m] Listening on LVM2 metadata daemon socket.
[[0;32m  OK  [0m] Listening on /dev/initctl Compatibility Named Pipe.
[[0;32m  OK  [0m] Created slice system-serial\x2dgetty.slice.
[[0;32m  OK  [0m] Listening on Journal Audit Socket.
[[0;32m  OK  [0m] Reached target User and Group Name Lookups.
[[0;32m  OK  [0m] Listening on Journal Socket.
         Starting Load Kernel Modules...
[[0;32m  OK  [0m] Reached target Mounting snaps.
[[0;32m  OK  [0m] Reached target Mounted snaps.
         Starting Uncomplicated firewall...
         Mounting Huge Pages File System...
         Starting Monitoring of LVM2 mirrorsâ€¦ng dmeventd or progress polling...
         Mounting Kernel Debug File System...
[[0;32m  OK  [0m] Listening on Journal Socket (/dev/log).
         Starting Journal Service...
[[0;32m  OK  [0m] Listening on udev Control Socket.
[[0;32m  OK  [0m] [   16.835407] Loading iSCSI transport class v2.0-870.
Reached target Swap.
         Starting Set the console keyboard layout...
[[0;32m  OK  [0m] Listening on Network Service Netlink Socket.
[[0;32m  OK  [0m] Created slice User and Session Slice.
[[0;32m  OK  [0m] Reached target Slices.
[[0;32m  OK  [0m] Listening on udev Kernel Socket.
         Starting udev Coldplug all Devices...
[[0;32m  OK  [0m] Set up automount Arbitrary Executabâ€¦rmats File System Automount Point.
[   16.891252] iscsi: registered transport (tcp)
[[0;32m  OK  [0m] Listening on fsck to fsckd communication Socket.
         Starting File System Check on Root Device...
[[0;32m  OK  [0m] Reached target System Time Synchronized.
         Mounting POSIX Message Queue File System...
         Starting Create list of required stâ€¦ce nodes for the current kernel...
[[0;32m  OK  [0m] Started Journal Service.
[[0;32m  OK  [0m] Started Uncomplicated firewall.
[[0;32m  OK  [0m] Mounted Huge Pages File System.
[[0;32m  OK  [0m] Mounted Kernel Debug File System.
[[0;32m  OK  [0m] Mounted POSIX Message Queue File System.
[[0;32m  OK  [0m] Started LVM2 metadata daemon.
[   17.007295] iscsi: registered transport (iser)
[[0;32m  OK  [0m] Started Load Kernel Modules.
         Starting Apply Kernel Variables...
         Mounting FUSE Control File System...
         Mounting Kernel Configuration File System...
[[0;32m  OK  [0m] Started File System Check Daemon to report status.
[[0;32m  OK  [0m] Started Create list of required staâ€¦vice nodes for the current kernel.
[[0;32m  OK  [0m] Mounted FUSE Control File System.
[[0;32m  OK  [0m] Started udev Coldplug all Devices.
[[0;32m  OK  [0m] Mounted Kernel Configuration File System.
         Starting Create Static Device Nodes in /dev...
[[0;32m  OK  [0m] Started Monitoring of LVM2 mirrors,â€¦sing dmeventd or progress polling.
[[0;32m  OK  [0m] Started File System Check on Root Device.
         Starting Remount Root and Kernel File Systems...
[[0;32m  OK  [0m] Started Apply Kernel Variables.
[[0;32m  OK  [0m] Started Create Static Device Nodes in /dev.
[[0;32m  OK  [0m] Started Remount Root and Kernel File Systems.
         Starting Load/Save Random Seed...
         Starting Flush Journal to Persistent Storage...
         Starting udev Kernel Device Manager...
[[0;32m  OK  [0m] Started Load/Save Random Seed.
[[0;32m  OK  [0m] Started udev Kernel Device Manager.
[[0;32m  OK  [0m] Started Flush Journal to Persistent Storage.
[[0;32m  OK  [0m] Found device /dev/ttyS0.
[[0;32m  OK  [0m] Listening on Load/Save RF Kill Switch Status /dev/rfkill Watch.
         Mounting Arbitrary Executable File Formats File System...
[[0;32m  OK  [0m] Mounted Arbitrary Executable File Formats File System.
[[0;32m  OK  [0m] Started Set the console keyboard layout.
[[0;32m  OK  [0m] Started Dispatch Password Requests to Console Directory Watch.
[[0;32m  OK  [0m] Reached target Local Encrypted Volumes.
[[0;32m  OK  [0m] Reached target Local File Systems (Pre).
[[0;32m  OK  [0m] Reached target Local File Systems.
         Starting Commit a transient machine-id on disk...
         Starting Set console font and keymap...
         Starting Tell Plymouth To Write Out Runtime Data...
         Starting AppArmor initialization...
         Starting Create Volatile Files and Directories...
         Starting ebtables ruleset management...
[[0;32m  OK  [0m] Started Tell Plymouth To Write Out Runtime Data.
[[0;32m  OK  [0m] Started Create Volatile Files and Directories.
         Starting Update UTMP about System Boot/Shutdown...
[[0;32m  OK  [0m] Started Commit a transient machine-id on disk.
[[0;32m  OK  [0m] Started Update UTMP about System Boot/Shutdown.
[[0;32m  OK  [0m] Started ebtables ruleset management.
[[0;32m  OK  [0m] Started Set console font and keymap.
[[0;32m  OK  [0m] Started AppArmor initialization.
         Starting Load AppArmor profiles managed internally by snapd...
         Starting Initial cloud-init job (pre-networking)...
[[0;32m  OK  [0m] Started Load AppArmor profiles managed internally by snapd.
[   24.336646] cloud-init[817]: Cloud-init v. 23.1.2-0ubuntu0~18.04.1 running 'init-local' at Tue, 08 Aug 2023 06:49:17 +0000. Up 23.50 seconds.
[[0;32m  OK  [0m] Started Initial cloud-init job (pre-networking).
[[0;32m  OK  [0m] Reached target Network (Pre).
         Starting Network Service...
[[0;32m  OK  [0m] Started Network Service.
         Starting Network Name Resolution...
         Starting Wait for Network to be Configured...
[[0;32m  OK  [0m] Started Network Name Resolution.
[[0;32m  OK  [0m] Reached target Network.
[[0;32m  OK  [0m] Reached target Host and Network Name Lookups.
[[0;32m  OK  [0m] Started Wait for Network to be Configured.
         Starting Initial cloud-init job (metadata service crawler)...
[   28.324058] cloud-init[953]: Cloud-init v. 23.1.2-0ubuntu0~18.04.1 running 'init' at Tue, 08 Aug 2023 06:49:22 +0000. Up 27.75 seconds.
[   28.338148] cloud-init[953]: ci-info: ++++++++++++++++++++++++++++++++++++++Net device info+++++++++++++++++++++++++++++++++++++++
[   28.360384] cloud-init[953]: ci-info: +--------+-------+----------------------------+---------------+--------+-------------------+
[   28.362752] cloud-init[953]: ci-info: | Device |   Up  |          Address           |      Mask     | Scope  |     Hw-Address    |
[   28.368185] cloud-init[953]: ci-info: +--------+-------+----------------------------+---------------+--------+-------------------+
[   28.370599] cloud-init[953]: ci-info: | enp0s3 |  True |         10.0.2.15          | 255.255.255.0 | global | 02:3b:7b:b7:3b:2d |
[   28.376883] cloud-init[953]: ci-info: | enp0s3 |  True | fe80::3b:7bff:feb7:3b2d/64 |       .       |  link  | 02:3b:7b:b7:3b:2d |
[   28.385444] cloud-init[953]: ci-info: | enp0s8 | False |             .              |       .       |   .    | 08:00:27:09:b3:53 |
[   28.392434] cloud-init[953]: ci-info: |   lo   |  True |         127.0.0.1          |   255.0.0.0   |  host  |         .         |
[   28.396740] cloud-init[953]: ci-info: |   lo   |  True |          ::1/128           |       .       |  host  |         .         |
[   28.403312] cloud-init[953]: ci-info: +--------+-------+----------------------------+---------------+--------+-------------------+
[   28.416502] cloud-init[953]: ci-info: ++++++++++++++++++++++++++++Route IPv4 info+++++++++++++++++++++++++++++
[   28.432269] cloud-init[953]: ci-info: +-------+-------------+----------+-----------------+-----------+-------+
[   28.434408] cloud-init[953]: ci-info: | Route | Destination | Gateway  |     Genmask     | Interface | Flags |
[   28.436509] cloud-init[953]: ci-info: +-------+-------------+----------+-----------------+-----------+-------+
[   28.439343] cloud-init[953]: ci-info: |   0   |   0.0.0.0   | 10.0.2.2 |     0.0.0.0     |   enp0s3  |   UG  |
[   28.444929] cloud-init[953]: ci-info: |   1   |   10.0.2.0  | 0.0.0.0  |  255.255.255.0  |   enp0s3  |   U   |
[   28.460733] cloud-init[953]: ci-info: |   2   |   10.0.2.2  | 0.0.0.0  | 255.255.255.255 |   enp0s3  |   UH  |
[   28.472552] cloud-init[953]: ci-info: +-------+-------------+----------+-----------------+-----------+-------+
[   28.485128] cloud-init[953]: ci-info: +++++++++++++++++++Route IPv6 info+++++++++++++++++++
[   28.504856] cloud-init[953]: ci-info: +-------+-------------+---------+-----------+-------+
[   28.518063] cloud-init[953]: ci-info: | Route | Destination | Gateway | Interface | Flags |
[   28.527769] cloud-init[953]: ci-info: +-------+-------------+---------+-----------+-------+
[   28.532804] cloud-init[953]: ci-info: |   1   |  fe80::/64  |    ::   |   enp0s3  |   U   |
[   28.536249] cloud-init[953]: ci-info: |   3   |    local    |    ::   |   enp0s3  |   U   |
[   28.541229] cloud-init[953]: ci-info: |   4   |   ff00::/8  |    ::   |   enp0s3  |   U   |
[   28.551911] cloud-init[953]: ci-info: +-------+-------------+---------+-----------+-------+
[   30.383409] cloud-init[953]: Generating public/private rsa key pair.
[   30.385901] cloud-init[953]: Your identification has been saved in /etc/ssh/ssh_host_rsa_key.
[   30.394522] cloud-init[953]: Your public key has been saved in /etc/ssh/ssh_host_rsa_key.pub.
[   30.396900] cloud-init[953]: The key fingerprint is:
[   30.403717] cloud-init[953]: SHA256:twOdIXsi3ovy340PoaC2i26DCral2gTAqhvCmU04YJU root@ubuntu-bionic
[   30.406134] cloud-init[953]: The key's randomart image is:
[   30.407838] cloud-init[953]: +---[RSA 2048]----+
[   30.409452] cloud-init[953]: |   ..            |
[   30.416182] cloud-init[953]: |. .E             |
[   30.417551] cloud-init[953]: |oo      . .      |
[   30.418957] cloud-init[953]: |= .      + o     |
[   30.424396] cloud-init[953]: |oo .  o S *      |
[   30.425896] cloud-init[953]: |o.*  o + * o     |
[   30.427290] cloud-init[953]: |=*.oo . o +      |
[   30.428771] cloud-init[953]: |==*o.. . o =     |
[   30.430138] cloud-init[953]: |*=+.o+o.o o.o    |
[   30.436964] cloud-init[953]: +----[SHA256]-----+
[   30.439570] cloud-init[953]: Generating public/private dsa key pair.
[   30.447326] cloud-init[953]: Your identification has been saved in /etc/ssh/ssh_host_dsa_key.
[   30.451693] cloud-init[953]: Your public key has been saved in /etc/ssh/ssh_host_dsa_key.pub.
[   30.453711] cloud-init[953]: The key fingerprint is:
[   30.455204] cloud-init[953]: SHA256:w7TdZOAKMXNyVo4rG7yEKM2EwmgnR1ZEImXCFViKjlQ root@ubuntu-bionic
[   30.458569] cloud-init[953]: The key's randomart image is:
[   30.461641] cloud-init[953]: +---[DSA 1024]----+
[   30.465683] cloud-init[953]: |.o=E=+= +.o      |
[   30.475756] cloud-init[953]: |++O .  O + .     |
[   30.480765] cloud-init[953]: |=*.o  . o o o    |
[   30.483619] cloud-init[953]: |*++. o + = +     |
[   30.485256] cloud-init[953]: |o.+ . = S . .    |
[   30.486790] cloud-init[953]: | .   . = .       |
[   30.490053] cloud-init[953]: |      o          |
[   30.491274] cloud-init[953]: |                 |
[   30.497555] cloud-init[953]: |                 |
[   30.498948] cloud-init[953]: +----[SHA256]-----+
[   30.501040] cloud-init[953]: Generating public/private ecdsa key pair.
[   30.503077] cloud-init[953]: Your identification has been saved in /etc/ssh/ssh_host_ecdsa_key.
[   30.511951] cloud-init[953]: Your public key has been saved in /etc/ssh/ssh_host_ecdsa_key.pub.
[   30.515121] cloud-init[953]: The key fingerprint is:
[   30.528360] cloud-init[953]: SHA256:vairup6kIfrNbikIIZ+Rvi+W5oArEku69JvUzdPAc2c root@ubuntu-bionic
[   30.530795] cloud-init[953]: The key's randomart image is:
[[0;32m  OK  [0m[   30.538161] cloud-init[953]: +---[ECDSA 256]---+
[   30.543424] cloud-init[953]: |                 |
[   30.543539] cloud-init[953]: |                 |
[   30.543634] cloud-init[953]: |   .             |
[   30.543717] cloud-init[953]: |o o   .  .       |
[   30.543782] cloud-init[953]: |.+ o   +S..E     |
[   30.543834] cloud-init[953]: |+.+ . o =.o.     |
[   30.543890] cloud-init[953]: |O=.+ o +...      |
[   30.543953] cloud-init[953]: |X*X++  ..        |
[   30.544004] cloud-init[953]: |BBB%B.o.         |
[   30.544119] cloud-init[953]: +----[SHA256]-----+
[   30.544196] cloud-init[953]: Generating public/private ed25519 key pair.
[   30.544248] cloud-init[953]: Your identification has been saved in /etc/ssh/ssh_host_ed25519_key.
[   30.544309] cloud-init[953]: Your public key has been saved in /etc/ssh/ssh_host_ed25519_key.pub.
[   30.544364] cloud-init[953]: The key fingerprint is:
[   30.544415] cloud-init[953]: SHA256:5ZUZjTP7zpqNV/Y11XKdFfo2Ah2673bh2J3Tn/xEoVU root@ubuntu-bionic
[   30.544475] cloud-init[953]: The key's randomart image is:
[   30.544526] cloud-init[953]: +--[ED25519 256]--+
[   30.544576] cloud-init[953]: |            .+ .E|
[   30.544630] cloud-init[953]: |            *++ o|
[   30.544685] cloud-init[953]: |          .o+* o=|
[   30.544741] cloud-init[953]: |         o .+ =.*|
[   30.544827] cloud-init[953]: |        S .. + *o|
[   30.544909] cloud-init[953]: |            . ++=|
[   30.545048] cloud-init[953]: |             ++oX|
[   30.545151] cloud-init[953]: |            .*=B=|
[   30.552990] cloud-init[953]: |            =+oo*|
[   30.553725] cloud-init[953]: +----[SHA256]-----+
] Started Initial cloud-init job (metadata service crawler).
[[0;32m  OK  [0m] Reached target System Initialization.
[[0;32m  OK  [0m] Listening on ACPID Listen Socket.
[[0;32m  OK  [0m] Started Discard unused blocks once a week.
[[0;32m  OK  [0m] Started Ubuntu Advantage Timer for running repeated jobs.
[[0;32m  OK  [0m] Listening on D-Bus System Message Bus Socket.
         Starting Socket activation for snappy daemon.
         Starting LXD - unix socket.
[[0;32m  OK  [0m] Started Daily Cleanup of Temporary Directories.
[[0;32m  OK  [0m] Started ACPI Events Check.
[[0;32m  OK  [0m] Reached target Paths.
[[0;32m  OK  [0m] Listening on cloud-init hotplug hook socket.
[[0;32m  OK  [0m] Started Daily apt download activities.
[[0;32m  OK  [0m] Started Daily apt upgrade and clean activities.
[[0;32m  OK  [0m] Listening on UUID daemon activation socket.
[[0;32m  OK  [0m] Started Message of the Day.
[[0;32m  OK  [0m] Reached target Timers.
[[0;32m  OK  [0m] Listening on Open-iSCSI iscsid Socket.
[[0;32m  OK  [0m] Reached target Network is Online.
[[0;32m  OK  [0m] Reached target Remote File Systems (Pre).
[[0;32m  OK  [0m] Reached target Remote File Systems.
         Starting Availability of block devices...
[[0;32m  OK  [0m] Reached target Cloud-config availability.
[[0;32m  OK  [0m] Listening on Socket activation for snappy daemon.
[[0;32m  OK  [0m] Listening on LXD - unix socket.
[[0;32m  OK  [0m] Reached target Sockets.
[[0;32m  OK  [0m] Reached target Basic System.
         Starting Permit User Sessions...
         Starting System Logging Service...
         Starting Dispatcher daemon for systemd-networkd...
         Starting LSB: automatic crash report generation...
         Starting Accounts Service...
         Starting Virtualbox guest utils...
[[0;32m  OK  [0m] Started FUSE filesystem for LXC.
         Starting LSB: Record successful boot for GRUB...
         Starting LXD - container startup/shutdown...
         Starting Login Service...
[[0;32m  OK  [0m] Started Regular background program processing daemon.
[[0;32m  OK  [0m] Started Deferred execution scheduler.
         Starting Pollinate to seed the pseudo random number generator...
[[0;32m  OK  [0m] Started irqbalance daemon.
[[0;32m  OK  [0m] Reached target Login Prompts (Pre).
[[0;32m  OK  [0m] Started D-Bus System Message Bus.
[[0;32m  OK  [0m] Started Login Service.
[[0;32m  OK  [0m] Started Unattended Upgrades Shutdown.
         Starting Snap Daemon...
[[0;32m  OK  [0m] Started System Logging Service.
[[0;32m  OK  [0m] Started Availability of block devices.
[[0;32m  OK  [0m] Started Permit User Sessions.
         Starting Terminate Plymouth Boot Screen...
         Starting Hold until boot process finishes up...
[[0;32m  OK  [0m] Started Hold until boot process finishes up.
[[0;32m  OK  [0m] Started Serial Getty on ttyS0.
         Starting Set console scheme...
[[0;32m  OK  [0m] Started Terminate Plymouth Boot Screen.
[[0;32m  OK  [0m] Started LSB: automatic crash report generation.
[[0;32m  OK  [0m] Started Set console scheme.
[[0;32m  OK  [0m] Created slice system-getty.slice.
[[0;32m  OK  [0m] Started Getty on tty1.
[[0;32m  OK  [0m] Reached target Login Prompts.
         Starting Authorization Manager...
[[0;32m  OK  [0m] Started LXD - container startup/shutdown.
[[0;32m  OK  [0m] Started LSB: Record successful boot for GRUB.
[[0;32m  OK  [0m] Started Authorization Manager.
[[0;32m  OK  [0m] Started Virtualbox guest utils.
[[0;32m  OK  [0m] Started Accounts Service.
[[0;32m  OK  [0m] Started Dispatcher daemon for systemd-networkd.
[[0;32m  OK  [0m] Started Snap Daemon.
         Starting Wait until snapd is fully seeded...
[[0;32m  OK  [0m] Started Pollinate to seed the pseudo random number generator.
         Starting OpenBSD Secure Shell server...
[[0;32m  OK  [0m] Started OpenBSD Secure Shell server.
[[0;32m  OK  [0m] Created slice User Slice of vagrant.
         Starting User Manager for UID 1000...
[[0;32m  OK  [0m] Started Session 1 of user vagrant.
[[0;32m  OK  [0m] Started User Manager for UID 1000.
         Starting Time & Date Service...
[[0;32m  OK  [0m] Started Time & Date Service.

Ubuntu 18.04.6 LTS ubuntu-bionic ttyS0

ubuntu-bionic login: [   41.569987] cloud-init[1518]: Cloud-init v. 23.1.2-0ubuntu0~18.04.1 running 'modules:config' at Tue, 08 Aug 2023 06:49:34 +0000. Up 40.20 seconds.
ci-info: no authorized SSH keys fingerprints found for user ubuntu.
<14>Aug  8 06:49:38 cloud-init: #############################################################
<14>Aug  8 06:49:38 cloud-init: -----BEGIN SSH HOST KEY FINGERPRINTS-----
<14>Aug  8 06:49:38 cloud-init: 1024 SHA256:w7TdZOAKMXNyVo4rG7yEKM2EwmgnR1ZEImXCFViKjlQ root@ubuntu-bionic (DSA)
<14>Aug  8 06:49:38 cloud-init: 256 SHA256:vairup6kIfrNbikIIZ+Rvi+W5oArEku69JvUzdPAc2c root@ubuntu-bionic (ECDSA)
<14>Aug  8 06:49:38 cloud-init: 256 SHA256:5ZUZjTP7zpqNV/Y11XKdFfo2Ah2673bh2J3Tn/xEoVU root@ubuntu-bionic (ED25519)
<14>Aug  8 06:49:38 cloud-init: 2048 SHA256:twOdIXsi3ovy340PoaC2i26DCral2gTAqhvCmU04YJU root@ubuntu-bionic (RSA)
<14>Aug  8 06:49:38 cloud-init: -----END SSH HOST KEY FINGERPRINTS-----
<14>Aug  8 06:49:38 cloud-init: #############################################################
-----BEGIN SSH HOST KEY KEYS-----
ecdsa-sha2-nistp256 AAAAE2VjZHNhLXNoYTItbmlzdHAyNTYAAAAIbmlzdHAyNTYAAABBBFT+NX0Jr12cN6RKvqDWe3rrvrt/Wxn69Gka+hlw/7VEpmOK8oGt0TU8JJc2HZ8nOSep/Q6OtN6BmMQBJKWLKxU= root@ubuntu-bionic
ssh-ed25519 AAAAC3NzaC1lZDI1NTE5AAAAIJJi6ITVBGShWkQglsFtQkAHdPbIdLSUyaNrqSDlcXxX root@ubuntu-bionic
ssh-rsa AAAAB3NzaC1yc2EAAAADAQABAAABAQDA6kyCsv3VcX98Hkx8GSIXRL8L+A81eY+1+GTK+aHQcwLGj4qvczmJZKqYE20G9mKduw+AkrGaLq3WYpJ2zZsLdg72Pbid/BLWp3HzJBcqYSh1A7zIocKsuFLmBsR6donYGsQpkySpzvT/Ybe0iFHHmVV3gcOM24msyEncrHIMgGfsVWUyrirbaQrzQpSjZHSCH2CPKMdmfrcMAtSLg5BLuhdX1vmJB1GuRQXmDuiKRlU+98BSDu8EHSUhUwpHJpQ0tW3P12nifWAEDhvVBmrIUh1yugR8krgYmuGVFOda1nJFqkl+siqG0bMGdZbA1fJ0qOx0m4X8oElzP0mtzaDp root@ubuntu-bionic
-----END SSH HOST KEY KEYS-----
[   43.999503] cloud-init[1659]: Cloud-init v. 23.1.2-0ubuntu0~18.04.1 running 'modules:final' at Tue, 08 Aug 2023 06:49:37 +0000. Up 43.26 seconds.
[   44.000023] cloud-init[1659]: Cloud-init v. 23.1.2-0ubuntu0~18.04.1 finished at Tue, 08 Aug 2023 06:49:38 +0000. Datasource DataSourceNoCloud [seed=/dev/sdb][dsmode=net].  Up 43.94 seconds
